label 'for.cond.0' in function 'main'
label 'for.body.0' in function 'main'
label 'then.21' in function 'main'
label 'then.23' in function 'main'
label 'else.23' in function 'main'
label 'endif.23' in function 'main'
label 'else.23' in function 'main'
label 'else.21' in function 'main'
label 'then.33' in function 'main'
label 'else.33' in function 'main'
label 'endif.21' in function 'main'
label 'endif.33' in function 'main'
label 'else.33' in function 'main'
