label 'for.cond.2' in function 'main'
label 'for.body.2' in function 'main'
label 'for.end.2' in function 'main'
